###############################################################################
#
# IAR ELF Linker V8.40.1.212/W32 for ARM                  17/Oct/2019  02:42:54
# Copyright 2007-2019 IAR Systems AB.
#
#    Output file  =
#        C:\Users\Doglas Querino
#        A\Desktop\Embarcados_Lab1-master\LAB2\victor_doglas_lab2\Release\Exe\pwm.out
#    Map file     =
#        C:\Users\Doglas Querino
#        A\Desktop\Embarcados_Lab1-master\LAB2\victor_doglas_lab2\Release\List\pwm.map
#    Command line =
#        -f C:\Users\DOGLAS~1\AppData\Local\Temp\EWE1EC.tmp ("C:\Users\Doglas
#        Querino
#        A\Desktop\Embarcados_Lab1-master\LAB2\victor_doglas_lab2\driverlib.a"
#        "C:\Users\Doglas Querino
#        A\Desktop\Embarcados_Lab1-master\LAB2\victor_doglas_lab2\Release\Obj\E_DISE_INTERRUPTS.o"
#        "C:\Users\Doglas Querino
#        A\Desktop\Embarcados_Lab1-master\LAB2\victor_doglas_lab2\Release\Obj\GPIO_config.o"
#        "C:\Users\Doglas Querino
#        A\Desktop\Embarcados_Lab1-master\LAB2\victor_doglas_lab2\Release\Obj\pwm.o"
#        "C:\Users\Doglas Querino
#        A\Desktop\Embarcados_Lab1-master\LAB2\victor_doglas_lab2\Release\Obj\startup_TM4C1294.o"
#        "C:\Users\Doglas Querino
#        A\Desktop\Embarcados_Lab1-master\LAB2\victor_doglas_lab2\Release\Obj\system_TM4C1294_TW.o"
#        "C:\Users\Doglas Querino
#        A\Desktop\Embarcados_Lab1-master\LAB2\victor_doglas_lab2\Release\Obj\uartstdio.o"
#        --no_out_extension -o "C:\Users\Doglas Querino
#        A\Desktop\Embarcados_Lab1-master\LAB2\victor_doglas_lab2\Release\Exe\pwm.out"
#        --map "C:\Users\Doglas Querino
#        A\Desktop\Embarcados_Lab1-master\LAB2\victor_doglas_lab2\Release\List\pwm.map"
#        --config "C:\Program Files (x86)\IAR Systems\Embedded Workbench
#        8.3\arm\config\linker\TexasInstruments\TM4C1294NC.icf" --entry
#        __iar_program_start --inline --vfe --text_out locale)
#
###############################################################################

*******************************************************************************
*** RUNTIME MODEL ATTRIBUTES
***

CppFlavor       = *
__SystemLibrary = DLib
__dlib_version  = 6


*******************************************************************************
*** HEAP SELECTION
***

The basic heap was selected because some modules are built with
size limitations (and not runtime checking), and --advanced_heap
was not specified.


*******************************************************************************
*** PLACEMENT SUMMARY
***

"A0":  place at address 0x0 { ro section .intvec };
"P1":  place in [from 0x0 to 0xf'ffff] { ro };
define block CSTACK with size = 32K, alignment = 8 { };
define block HEAP with size = 64K, alignment = 8 { };
"P2":  place in [from 0x2000'0000 to 0x2003'ffff] {
          rw, block CSTACK, block HEAP };
initialize by copy { rw };

  Section            Kind         Address    Size  Object
  -------            ----         -------    ----  ------
"A0":                                       0x3c0
  .intvec            ro code          0x0   0x3c0  startup_TM4C1294.o [1]
                                  - 0x3c0   0x3c0

"P1":                                       0x8f5
  .text              ro code        0x3c0   0x29c  sysctl.o [3]
  .rodata            const          0x65c   0x1b0  sysctl.o [3]
  .text              ro code        0x80c   0x152  gpio.o [3]
  .text              ro code        0x960    0xf8  GPIO_config.o [1]
  .text              ro code        0xa58     0x8  E_DISE_INTERRUPTS.o [1]
  .text              ro code        0xa60    0xac  pwm.o [1]
  .text              ro code        0xb0c     0xc  systick.o [3]
  .rodata            const          0xb18    0x6c  sysctl.o [3]
  .text              ro code        0xb84    0x38  packbits_init_single.o [4]
  .rodata            const          0xbbc    0x30  sysctl.o [3]
  .text              ro code        0xbec    0x28  data_init.o [4]
  .iar.init_table    const          0xc14    0x10  - Linker created -
  .text              ro code        0xc24    0x20  system_TM4C1294_TW.o [1]
  .text              ro code        0xc44    0x1e  cmain.o [4]
  .text              ro code        0xc62     0x4  exit.o [2]
  .text              ro code        0xc68     0xa  cexit.o [4]
  .text              ro code        0xc74     0xc  XXexit.o [4]
  .text              ro code        0xc80    0x14  startup_TM4C1294.o [1]
  .text              ro code        0xc94     0xe  startup_TM4C1294.o [1]
  .text              ro code        0xca2     0xc  cstartup_M.o [4]
  .rodata            const          0xcae     0x0  packbits_init_single.o [4]
  Initializer bytes  const          0xcae     0x7  <for P2-1>
                                  - 0xcb5   0x8f5

"P2", part 1 of 2:                           0x14
  P2-1                        0x2000'0000    0x14  <Init block>
    .data            inited   0x2000'0000     0x8  pwm.o [1]
    .bss             inited   0x2000'0008     0x4  GPIO_config.o [1]
    .bss             inited   0x2000'000c     0x8  GPIO_config.o [1]
  .data              rw data  0x2000'0014     0x0  E_DISE_INTERRUPTS.o [1]
                            - 0x2000'0014    0x14

"P2", part 2 of 2:                         0x8004
  .noinit            uninit   0x2000'0014     0x4  system_TM4C1294_TW.o [1]
  CSTACK                      0x2000'0018  0x8000  <Block>
    CSTACK           uninit   0x2000'0018  0x8000  <Block tail>
                            - 0x2000'8018  0x8004

Unused ranges:

         From           To      Size
         ----           --      ----
        0xcb5     0xf'ffff  0xf'f34b
  0x2000'8018  0x2003'ffff  0x3'7fe8


*******************************************************************************
*** INIT TABLE
***

          Address      Size
          -------      ----
Copy/packbits (__iar_packbits_init_single3)
    1 source range, total size 0x7 (35% of destination):
                0xcae   0x7
    1 destination range, total size 0x14:
          0x2000'0000  0x14



*******************************************************************************
*** MODULE SUMMARY
***

    Module                  ro code  ro data  rw data
    ------                  -------  -------  -------
command line/config:
    -------------------------------------------------
    Total:

C:\Users\Doglas Querino A\Desktop\Embarcados_Lab1-master\LAB2\victor_doglas_lab2\Release\Obj: [1]
    E_DISE_INTERRUPTS.o           8
    GPIO_config.o               248        5       12
    pwm.o                       172        2        8
    startup_TM4C1294.o          994
    system_TM4C1294_TW.o         32                 4
    -------------------------------------------------
    Total:                    1'454        7       24

dl7M_tln.a: [2]
    exit.o                        4
    -------------------------------------------------
    Total:                        4

driverlib.a: [3]
    gpio.o                      338
    sysctl.o                    668      588
    systick.o                    12
    -------------------------------------------------
    Total:                    1'018      588

rt7M_tl.a: [4]
    XXexit.o                     12
    cexit.o                      10
    cmain.o                      30
    cstartup_M.o                 12
    data_init.o                  40
    packbits_init_single.o       56
    -------------------------------------------------
    Total:                      160

    Gaps                          6
    Linker created                        16   32'768
-----------------------------------------------------
    Grand Total:              2'642      611   32'792


*******************************************************************************
*** ENTRY LIST
***

Entry                       Address   Size  Type      Object
-----                       -------   ----  ----      ------
.iar.init_table$$Base         0xc14          --   Gb  - Linker created -
.iar.init_table$$Limit        0xc24          --   Gb  - Linker created -
?main                         0xc45         Code  Gb  cmain.o [4]
CSTACK$$Base            0x2000'0018          --   Gb  - Linker created -
CSTACK$$Limit           0x2000'8018          --   Gb  - Linker created -
DisableInterrupts             0xa59         Code  Gb  E_DISE_INTERRUPTS.o [1]
EnableInterrupts              0xa5d         Code  Gb  E_DISE_INTERRUPTS.o [1]
Freq_func               0x2000'0000    0x4  Data  Gb  pwm.o [1]
GPIODirModeSet                0x80d   0x28  Code  Gb  gpio.o [3]
GPIOPadConfigSet              0x835  0x102  Code  Gb  gpio.o [3]
GPIOPinRead                   0x937    0x8  Code  Gb  gpio.o [3]
GPIOPinTypeGPIOInput          0x943   0x14  Code  Gb  gpio.o [3]
GPIO_Init                     0x961   0x7e  Code  Gb  GPIO_config.o [1]
ON_TIMER_0                    0xa07    0x4  Code  Gb  GPIO_config.o [1]
Region$$Table$$Base           0xc14          --   Gb  - Linker created -
Region$$Table$$Limit          0xc24          --   Gb  - Linker created -
SysCtlClockFreqSet            0x421  0x1fc  Code  Gb  sysctl.o [3]
SysCtlPeripheralEnable        0x403    0x8  Code  Gb  sysctl.o [3]
SysCtlPeripheralReady         0x3e1    0x8  Code  Gb  sysctl.o [3]
SysTickPeriodSet              0xb0d    0x8  Code  Gb  systick.o [3]
SystemCoreClock         0x2000'0014    0x4  Data  Gb  system_TM4C1294_TW.o [1]
SystemInit                    0xc25   0x10  Code  Gb  system_TM4C1294_TW.o [1]
TIMER_0_A                     0x9df   0x12  Code  Gb  GPIO_config.o [1]
TIMER_1_A                     0x9f1    0xe  Code  Gb  GPIO_config.o [1]
TIMER_2_A                     0x9ff    0x8  Code  Gb  GPIO_config.o [1]
UART0_Handler                 0xa61    0x2  Code  Gb  pwm.o [1]
_SysCtlMemTimingGet           0x3c1   0x20  Code  Lc  sysctl.o [3]
__Vectors                       0x0          --   Gb  startup_TM4C1294.o [1]
__Vectors_End                 0x3c0         Data  Gb  startup_TM4C1294.o [1]
__Vectors_Size {Abs}          0x3c0          --   Gb  startup_TM4C1294.o [1]
__cmain                       0xc45         Code  Gb  cmain.o [4]
__exit                        0xc75         Code  Gb  XXexit.o [4]
__iar_data_init3              0xbed   0x28  Code  Gb  data_init.o [4]
__iar_init_vfp                0xc89         Code  Wk  startup_TM4C1294.o [1]
__iar_packbits_init_single3
                              0xb85   0x38  Code  Gb  packbits_init_single.o [4]
__iar_program_start           0xca3         Code  Gb  cstartup_M.o [4]
__vector_table                  0x0         Data  Gb  startup_TM4C1294.o [1]
__vector_table_0x1c            0x1c         Data  Gb  startup_TM4C1294.o [1]
_call_main                    0xc51         Code  Gb  cmain.o [4]
_exit                         0xc69         Code  Gb  cexit.o [4]
_main                         0xc5f         Code  Gb  cmain.o [4]
aux                     0x2000'0004    0x4  Data  Lc  pwm.o [1]
ctl                     0x2000'0010    0x4  Data  Gb  GPIO_config.o [1]
down                    0x2000'000c    0x4  Data  Gb  GPIO_config.o [1]
exit                          0xc63    0x4  Code  Gb  exit.o [2]
g_pppui32XTALtoVCO            0x65c  0x1b0  Data  Lc  sysctl.o [3]
g_pui32VCOFrequencies         0x654    0x8  Data  Lc  sysctl.o [3]
g_pui32Xtals                  0xb18   0x6c  Data  Lc  sysctl.o [3]
g_sXTALtoMEMTIM               0xbbc   0x30  Data  Lc  sysctl.o [3]
main                          0xa63   0x92  Code  Gb  pwm.o [1]
up                      0x2000'0008    0x4  Data  Gb  GPIO_config.o [1]


[1] = C:\Users\Doglas Querino A\Desktop\Embarcados_Lab1-master\LAB2\victor_doglas_lab2\Release\Obj
[2] = dl7M_tln.a
[3] = driverlib.a
[4] = rt7M_tl.a

   2'642 bytes of readonly  code memory
     611 bytes of readonly  data memory
  32'792 bytes of readwrite data memory

Errors: none
Warnings: none
