###############################################################################
#
# IAR ELF Linker V8.40.1.212/W32 for ARM                  23/Oct/2019  15:23:58
# Copyright 2007-2019 IAR Systems AB.
#
#    Output file  =
#        C:\Users\Doglas Querino
#        A\Desktop\Embarcados_Lab1-master\LAB2\victor_doglas_lab2\Release\Exe\pwm.out
#    Map file     =
#        C:\Users\Doglas Querino
#        A\Desktop\Embarcados_Lab1-master\LAB2\victor_doglas_lab2\Release\List\pwm.map
#    Command line =
#        -f C:\Users\DOGLAS~1\AppData\Local\Temp\EWDF06.tmp ("C:\Users\Doglas
#        Querino
#        A\Desktop\Embarcados_Lab1-master\LAB2\victor_doglas_lab2\driverlib.a"
#        "C:\Users\Doglas Querino
#        A\Desktop\Embarcados_Lab1-master\LAB2\victor_doglas_lab2\Release\Obj\E_DISE_INTERRUPTS.o"
#        "C:\Users\Doglas Querino
#        A\Desktop\Embarcados_Lab1-master\LAB2\victor_doglas_lab2\Release\Obj\GPIO_config.o"
#        "C:\Users\Doglas Querino
#        A\Desktop\Embarcados_Lab1-master\LAB2\victor_doglas_lab2\Release\Obj\pwm.o"
#        "C:\Users\Doglas Querino
#        A\Desktop\Embarcados_Lab1-master\LAB2\victor_doglas_lab2\Release\Obj\startup_TM4C1294.o"
#        "C:\Users\Doglas Querino
#        A\Desktop\Embarcados_Lab1-master\LAB2\victor_doglas_lab2\Release\Obj\system_TM4C1294_TW.o"
#        "C:\Users\Doglas Querino
#        A\Desktop\Embarcados_Lab1-master\LAB2\victor_doglas_lab2\Release\Obj\uartstdio.o"
#        --no_out_extension -o "C:\Users\Doglas Querino
#        A\Desktop\Embarcados_Lab1-master\LAB2\victor_doglas_lab2\Release\Exe\pwm.out"
#        --map "C:\Users\Doglas Querino
#        A\Desktop\Embarcados_Lab1-master\LAB2\victor_doglas_lab2\Release\List\pwm.map"
#        --config "C:\Program Files (x86)\IAR Systems\Embedded Workbench
#        8.3\arm\config\linker\TexasInstruments\TM4C1294NC.icf" --semihosting
#        --entry __iar_program_start --inline --vfe --text_out locale)
#
###############################################################################

*******************************************************************************
*** RUNTIME MODEL ATTRIBUTES
***

CppFlavor       = *
__SystemLibrary = DLib
__dlib_version  = 6


*******************************************************************************
*** HEAP SELECTION
***

The basic heap was selected because some modules are built with
size limitations (and not runtime checking), and --advanced_heap
was not specified.


*******************************************************************************
*** PLACEMENT SUMMARY
***

"A0":  place at address 0x0 { ro section .intvec };
"P1":  place in [from 0x0 to 0xf'ffff] { ro };
define block CSTACK with size = 32K, alignment = 8 { };
define block HEAP with size = 64K, alignment = 8 { };
"P2":  place in [from 0x2000'0000 to 0x2003'ffff] {
          rw, block CSTACK, block HEAP };
initialize by copy { rw };

  Section            Kind         Address    Size  Object
  -------            ----         -------    ----  ------
"A0":                                       0x3c0
  .intvec            ro code          0x0   0x3c0  startup_TM4C1294.o [1]
                                  - 0x3c0   0x3c0

"P1":                                      0x143c
  .text              ro code        0x3c0   0x57c  uartstdio.o [1]
  .text              ro code        0x93c    0xec  interrupt.o [3]
  .text              ro code        0xa28   0x114  uart.o [3]
  .text              ro code        0xb3c   0x2ac  sysctl.o [3]
  .text              ro code        0xde8    0x10  cpu.o [3]
  .text              ro code        0xdf8   0x1d4  GPIO_config.o [1]
  .text              ro code        0xfcc   0x1d4  pwm.o [1]
  .text              ro code       0x11a0   0x1b0  gpio.o [3]
  .text              ro code       0x1350     0xc  systick.o [3]
  .text              ro code       0x135c     0xe  U32ToFlt.o [4]
  .text              ro code       0x136a    0x12  FltDiv.o [4]
  .text              ro code       0x137c    0x12  FltMul.o [4]
  .text              ro code       0x138e    0x3a  zero_init3.o [5]
  .rodata            const         0x13c8   0x1b0  sysctl.o [3]
  .rodata            const         0x1578    0x90  gpio.o [3]
  .rodata            const         0x1608    0x6c  sysctl.o [3]
  .rodata            const         0x1674    0x30  sysctl.o [3]
  .text              ro code       0x16a4    0x2e  copy_init3.o [5]
  .text              ro code       0x16d2     0x2  startup_TM4C1294.o [1]
  .text              ro code       0x16d4    0x28  data_init.o [5]
  .iar.init_table    const         0x16fc    0x24  - Linker created -
  .text              ro code       0x1720    0x20  system_TM4C1294_TW.o [1]
  .text              ro code       0x1740    0x1e  cmain.o [5]
  .text              ro code       0x175e     0x4  exit.o [2]
  .text              ro code       0x1764     0xa  cexit.o [5]
  .text              ro code       0x1770    0x14  exit.o [6]
  .rodata            const         0x1784    0x14  uartstdio.o [1]
  .text              ro code       0x1798    0x14  startup_TM4C1294.o [1]
  .rodata            const         0x17ac     0xc  uartstdio.o [1]
  .rodata            const         0x17b8     0xc  uartstdio.o [1]
  .rodata            const         0x17c4     0xc  uartstdio.o [1]
  .text              ro code       0x17d0     0xc  cstartup_M.o [5]
  .rodata            const         0x17dc     0x8  pwm.o [1]
  .rodata            const         0x17e4     0x8  uartstdio.o [1]
  .text              ro code       0x17ec     0x8  E_DISE_INTERRUPTS.o [1]
  .rodata            const         0x17f4     0x4  uartstdio.o [1]
  Initializer bytes  const         0x17f8     0x4  <for P2-1>
  .rodata            const         0x17fc     0x0  zero_init3.o [5]
  .rodata            const         0x17fc     0x0  copy_init3.o [5]
                                 - 0x17fc  0x143c

"P2", part 1 of 3:                            0x4
  P2-1                        0x2000'0000     0x4  <Init block>
    .data            inited   0x2000'0000     0x4  pwm.o [1]
  .data              rw data  0x2000'0004     0x0  E_DISE_INTERRUPTS.o [1]
                            - 0x2000'0004     0x4

"P2", part 2 of 3:                          0x4cc
  .bss               zero     0x2000'0004   0x400  uartstdio.o [1]
  .bss               zero     0x2000'0404    0x80  uartstdio.o [1]
  .bss               zero     0x2000'0484     0x4  GPIO_config.o [1]
  .bss               zero     0x2000'0488     0x4  GPIO_config.o [1]
  .bss               zero     0x2000'048c     0x4  GPIO_config.o [1]
  .bss               zero     0x2000'0490     0x4  pwm.o [1]
  .bss               zero     0x2000'0494     0x4  pwm.o [1]
  .bss               zero     0x2000'0498     0x4  pwm.o [1]
  .bss               zero     0x2000'049c     0x4  pwm.o [1]
  .bss               zero     0x2000'04a0     0x4  pwm.o [1]
  .bss               zero     0x2000'04a4     0x4  pwm.o [1]
  .bss               zero     0x2000'04a8     0x4  pwm.o [1]
  .bss               zero     0x2000'04ac     0x4  pwm.o [1]
  .bss               zero     0x2000'04b0     0x4  pwm.o [1]
  .bss               zero     0x2000'04b4     0x4  uartstdio.o [1]
  .bss               zero     0x2000'04b8     0x4  uartstdio.o [1]
  .bss               zero     0x2000'04bc     0x4  uartstdio.o [1]
  .bss               zero     0x2000'04c0     0x4  uartstdio.o [1]
  .bss               zero     0x2000'04c4     0x4  uartstdio.o [1]
  .bss               zero     0x2000'04c8     0x4  uartstdio.o [1]
  .bss               zero     0x2000'04cc     0x1  uartstdio.o [1]
  .bss               zero     0x2000'04cd     0x1  uartstdio.o [1]
                            - 0x2000'04ce   0x4ca

"P2", part 3 of 3:                         0x8008
  .noinit            uninit   0x2000'04d0     0x4  system_TM4C1294_TW.o [1]
  CSTACK                      0x2000'04d8  0x8000  <Block>
    CSTACK           uninit   0x2000'04d8  0x8000  <Block tail>
                            - 0x2000'84d8  0x8008

Unused ranges:

         From           To      Size
         ----           --      ----
       0x17fc     0xf'ffff  0xf'e804
  0x2000'84d8  0x2003'ffff  0x3'7b28


*******************************************************************************
*** INIT TABLE
***

          Address      Size
          -------      ----
Zero (__iar_zero_init3)
    1 destination range, total size 0x4ca:
          0x2000'0004  0x4ca

Copy (__iar_copy_init3)
    1 source range, total size 0x4:
               0x17f8    0x4
    1 destination range, total size 0x4:
          0x2000'0000    0x4



*******************************************************************************
*** MODULE SUMMARY
***

    Module                ro code  ro data  rw data
    ------                -------  -------  -------
command line/config:
    -----------------------------------------------
    Total:

C:\Users\Doglas Querino A\Desktop\Embarcados_Lab1-master\LAB2\victor_doglas_lab2\Release\Obj: [1]
    E_DISE_INTERRUPTS.o         8
    GPIO_config.o             468                12
    pwm.o                     468       12       40
    startup_TM4C1294.o        982
    system_TM4C1294_TW.o       32                 4
    uartstdio.o             1'404       68    1'178
    -----------------------------------------------
    Total:                  3'362       80    1'234

dl7M_tln.a: [2]
    exit.o                      4
    -----------------------------------------------
    Total:                      4

driverlib.a: [3]
    cpu.o                      16
    gpio.o                    432      144
    interrupt.o               236
    sysctl.o                  684      588
    systick.o                  12
    uart.o                    276
    -----------------------------------------------
    Total:                  1'656      732

m7M_tls.a: [4]
    FltDiv.o                   18
    FltMul.o                   18
    U32ToFlt.o                 14
    -----------------------------------------------
    Total:                     50

rt7M_tl.a: [5]
    cexit.o                    10
    cmain.o                    30
    copy_init3.o               46
    cstartup_M.o               12
    data_init.o                40
    zero_init3.o               58
    -----------------------------------------------
    Total:                    196

shb_l.a: [6]
    exit.o                     20
    -----------------------------------------------
    Total:                     20

    Gaps                        4
    Linker created                      36   32'768
---------------------------------------------------
    Grand Total:            5'292      848   34'002


*******************************************************************************
*** ENTRY LIST
***

Entry                       Address   Size  Type      Object
-----                       -------   ----  ----      ------
.iar.init_table$$Base        0x16fc          --   Gb  - Linker created -
.iar.init_table$$Limit       0x1720          --   Gb  - Linker created -
?main                        0x1741         Code  Gb  cmain.o [5]
CPUcpsid                      0xde9    0x8  Code  Gb  cpu.o [3]
CPUcpsie                      0xdf1    0x8  Code  Gb  cpu.o [3]
CSTACK$$Base            0x2000'04d8          --   Gb  - Linker created -
CSTACK$$Limit           0x2000'84d8          --   Gb  - Linker created -
DisableInterrupts            0x17ed         Code  Gb  E_DISE_INTERRUPTS.o [1]
EnableInterrupts             0x17f1         Code  Gb  E_DISE_INTERRUPTS.o [1]
Freq_func               0x2000'0000    0x4  Data  Gb  pwm.o [1]
GPIODirModeSet               0x11a1   0x28  Code  Gb  gpio.o [3]
GPIOPadConfigSet             0x11c9  0x102  Code  Gb  gpio.o [3]
GPIOPinConfigure             0x130f   0x36  Code  Gb  gpio.o [3]
GPIOPinRead                  0x12cb    0x8  Code  Gb  gpio.o [3]
GPIOPinTypeGPIOInput         0x12d7   0x14  Code  Gb  gpio.o [3]
GPIOPinTypeUART              0x12f3   0x14  Code  Gb  gpio.o [3]
GPIO_Init                     0xdf9   0xfc  Code  Gb  GPIO_config.o [1]
IntDisable                    0x99d   0x46  Code  Gb  interrupt.o [3]
IntEnable                     0x955   0x46  Code  Gb  interrupt.o [3]
IntMasterDisable              0x945    0x6  Code  Gb  interrupt.o [3]
IntMasterEnable               0x93d    0x8  Code  Gb  interrupt.o [3]
IsBufferEmpty                 0x3e1   0x12  Code  Lc  uartstdio.o [1]
IsBufferFull                  0x3c1   0x20  Code  Lc  uartstdio.o [1]
ON_TIMER_0                    0xf23    0xc  Code  Gb  GPIO_config.o [1]
ON_TIMER_1                    0xf2f    0xc  Code  Gb  GPIO_config.o [1]
Region$$Table$$Base          0x16fc          --   Gb  - Linker created -
Region$$Table$$Limit         0x1720          --   Gb  - Linker created -
SysCtlClockFreqSet            0xba7  0x1fc  Code  Gb  sysctl.o [3]
SysCtlPeripheralEnable        0xb89    0x8  Code  Gb  sysctl.o [3]
SysCtlPeripheralPresent
                              0xb5d    0xa  Code  Gb  sysctl.o [3]
SysCtlPeripheralReady         0xb67    0x8  Code  Gb  sysctl.o [3]
SysTickPeriodSet             0x1351    0x8  Code  Gb  systick.o [3]
SystemCoreClock         0x2000'04d0    0x4  Data  Gb  system_TM4C1294_TW.o [1]
SystemInit                   0x1721   0x10  Code  Gb  system_TM4C1294_TW.o [1]
TIMER0A_Handler               0xef5   0x16  Code  Gb  GPIO_config.o [1]
TIMER1A_Handler               0xf0b   0x10  Code  Gb  GPIO_config.o [1]
TIMER2A_Handler               0xf1b    0x8  Code  Gb  GPIO_config.o [1]
UART0_Handler                0x101b    0x8  Code  Gb  pwm.o [1]
UARTCharGetNonBlocking        0xaef   0x14  Code  Gb  uart.o [3]
UARTCharPutNonBlocking        0xb03   0x16  Code  Gb  uart.o [3]
UARTCharsAvail                0xad7    0x8  Code  Gb  uart.o [3]
UARTConfigSetExpClk           0xa31   0x5c  Code  Gb  uart.o [3]
UARTDisable                   0xaa7   0x22  Code  Gb  uart.o [3]
UARTEnable                    0xa8d   0x1a  Code  Gb  uart.o [3]
UARTFIFOLevelSet              0xa29    0x8  Code  Gb  uart.o [3]
UARTFlushRx                   0x77b   0x1e  Code  Gb  uartstdio.o [1]
UARTFlushTx                   0x799   0x36  Code  Gb  uartstdio.o [1]
UARTInit                      0xfcd   0x4e  Code  Gb  pwm.o [1]
UARTIntClear                  0xb37    0x6  Code  Gb  uart.o [3]
UARTIntDisable                0xb1f    0x4  Code  Gb  uart.o [3]
UARTIntEnable                 0xb19    0x6  Code  Gb  uart.o [3]
UARTIntStatus                 0xb2b    0xc  Code  Gb  uart.o [3]
UARTPrimeTransmit             0x3f3   0x6a  Code  Lc  uartstdio.o [1]
UARTSpaceAvail                0xadf    0x6  Code  Gb  uart.o [3]
UARTStdioConfig               0x45d   0x7e  Code  Gb  uartstdio.o [1]
UARTStdioIntHandler           0x7d5  0x122  Code  Gb  uartstdio.o [1]
UARTStdioIntHandler::bLastWasCR
                        0x2000'04cd    0x1  Data  Lc  uartstdio.o [1]
UARTprintf                    0x765   0x16  Code  Gb  uartstdio.o [1]
UARTvprintf                   0x56f  0x1f6  Code  Gb  uartstdio.o [1]
UARTwrite                     0x4db   0x94  Code  Gb  uartstdio.o [1]
_SysCtlMemTimingGet           0xb3d   0x20  Code  Lc  sysctl.o [3]
__Vectors                       0x0          --   Gb  startup_TM4C1294.o [1]
__Vectors_End                 0x3c0         Data  Gb  startup_TM4C1294.o [1]
__Vectors_Size {Abs}          0x3c0          --   Gb  startup_TM4C1294.o [1]
__aeabi_fdiv                 0x136b   0x12  Code  Gb  FltDiv.o [4]
__aeabi_fmul                 0x137d   0x12  Code  Gb  FltMul.o [4]
__aeabi_ui2f                 0x135d    0xe  Code  Gb  U32ToFlt.o [4]
__cmain                      0x1741         Code  Gb  cmain.o [5]
__exit                       0x1771   0x14  Code  Gb  exit.o [6]
__iar_copy_init3             0x16a5   0x2e  Code  Gb  copy_init3.o [5]
__iar_data_init3             0x16d5   0x28  Code  Gb  data_init.o [5]
__iar_init_vfp               0x17a1         Code  Wk  startup_TM4C1294.o [1]
__iar_program_start          0x17d1         Code  Gb  cstartup_M.o [5]
__iar_zero_init3             0x138f   0x3a  Code  Gb  zero_init3.o [5]
__vector_table                  0x0         Data  Gb  startup_TM4C1294.o [1]
__vector_table_0x1c            0x1c         Data  Gb  startup_TM4C1294.o [1]
_call_main                   0x174d         Code  Gb  cmain.o [5]
_exit                        0x1765         Code  Gb  cexit.o [5]
_main                        0x175b         Code  Gb  cmain.o [5]
aux                     0x2000'04ac    0x4  Data  Lc  pwm.o [1]
cont                    0x2000'04b0    0x4  Data  Lc  pwm.o [1]
ctl                     0x2000'048c    0x4  Data  Gb  GPIO_config.o [1]
ctl                     0x2000'0490    0x4  Data  Lc  pwm.o [1]
down                    0x2000'0488    0x4  Data  Gb  GPIO_config.o [1]
down                    0x2000'0498    0x4  Data  Lc  pwm.o [1]
duty_cycle              0x2000'04a8    0x4  Data  Lc  pwm.o [1]
exit                         0x175f    0x4  Code  Gb  exit.o [2]
freq                    0x2000'049c    0x4  Data  Lc  pwm.o [1]
g_bDisableEcho          0x2000'04cc    0x1  Data  Lc  uartstdio.o [1]
g_pcHex                      0x17f4    0x4  Data  Lc  uartstdio.o [1]
g_pcUARTRxBuffer        0x2000'0404   0x80  Data  Lc  uartstdio.o [1]
g_pcUARTTxBuffer        0x2000'0004  0x400  Data  Lc  uartstdio.o [1]
g_pppui32XTALtoVCO           0x13c8  0x1b0  Data  Lc  sysctl.o [3]
g_pui32Dii16Regs              0xa14   0x14  Data  Lc  interrupt.o [3]
g_pui32EnRegs                 0xa00   0x14  Data  Lc  interrupt.o [3]
g_pui32GPIOBaseAddrs         0x1578   0x90  Data  Lc  gpio.o [3]
g_pui32VCOFrequencies         0xde0    0x8  Data  Lc  sysctl.o [3]
g_pui32Xtals                 0x1608   0x6c  Data  Lc  sysctl.o [3]
g_sXTALtoMEMTIM              0x1674   0x30  Data  Lc  sysctl.o [3]
g_ui32Base              0x2000'04c4    0x4  Data  Lc  uartstdio.o [1]
g_ui32PortNum           0x2000'04c8    0x4  Data  Lc  uartstdio.o [1]
g_ui32UARTBase               0x17ac    0xc  Data  Lc  uartstdio.o [1]
g_ui32UARTInt                0x17b8    0xc  Data  Lc  uartstdio.o [1]
g_ui32UARTPeriph             0x17c4    0xc  Data  Lc  uartstdio.o [1]
g_ui32UARTRxReadIndex   0x2000'04c0    0x4  Data  Lc  uartstdio.o [1]
g_ui32UARTRxWriteIndex  0x2000'04bc    0x4  Data  Lc  uartstdio.o [1]
g_ui32UARTTxReadIndex   0x2000'04b8    0x4  Data  Lc  uartstdio.o [1]
g_ui32UARTTxWriteIndex  0x2000'04b4    0x4  Data  Lc  uartstdio.o [1]
main                         0x1023  0x132  Code  Gb  pwm.o [1]
periodo                 0x2000'04a4    0x4  Data  Lc  pwm.o [1]
pulse_width             0x2000'04a0    0x4  Data  Lc  pwm.o [1]
up                      0x2000'0484    0x4  Data  Gb  GPIO_config.o [1]
up                      0x2000'0494    0x4  Data  Lc  pwm.o [1]


[1] = C:\Users\Doglas Querino A\Desktop\Embarcados_Lab1-master\LAB2\victor_doglas_lab2\Release\Obj
[2] = dl7M_tln.a
[3] = driverlib.a
[4] = m7M_tls.a
[5] = rt7M_tl.a
[6] = shb_l.a

   5'292 bytes of readonly  code memory
     848 bytes of readonly  data memory
  34'002 bytes of readwrite data memory

Errors: none
Warnings: none
